// Vitest Snapshot v1, https://vitest.dev/guide/snapshot.html

exports[`applyEffects > clears game context rectangle 1`] = `
[
  {
    "props": {
      "height": 4,
      "width": 3,
      "x": 1,
      "y": 2,
    },
    "transform": [
      1,
      0,
      0,
      1,
      0,
      0,
    ],
    "type": "clearRect",
  },
]
`;
